// Jest Snapshot v1, https://goo.gl/fbAQLP

exports[`should render correctly 1`] = `
<div
  className="row"
>
  <div
    className="Nav"
  >
    <div
      className="Logo"
    >
      <h3
        className="mb-0"
      >
        Primer Designer
      </h3>
    </div>
    <div
      className="text-right"
    >
      <div
        className="float-left mr-3 ml-3"
      >
        <div
          className="User-Display logged-out"
        >
          <span>
            Not currently signed in
          </span>
          <button
            className="ml-2 btn btn-success log-in"
            onClick={[Function]}
          >
            Log Out
          </button>
        </div>
      </div>
      <a
        className="btn btn-info mr-2"
        href="/tutorials"
        target="_blank"
      >
        See tutorials
      </a>
    </div>
  </div>
</div>
`;
