// Jest Snapshot v1, https://goo.gl/fbAQLP

exports[`AdminHeader renders correctly 1`] = `
<div
  className="row"
>
  <div
    className="Nav"
  >
    <div
      className="Logo"
    >
      <h4 />
    </div>
    <div>
      <Link
        replace={false}
        to="/admin/create"
      >
        <button
          className="btn btn-success mr-3"
        >
          Add new exercise
        </button>
      </Link>
      <Link
        className="btn btn-info mr-3"
        replace={false}
        to="/admin/cohorts"
      >
        View cohorts
      </Link>
      <Link
        className="btn btn-success Goto-Home"
        replace={false}
        to="/admin"
      >
        Back to home
      </Link>
      <span
        className="Author-Name"
      >
        administrator
      </span>
      <Link
        className="btn btn-info mr-3"
        replace={false}
        to="/admin/my-account"
      >
        My Account
      </Link>
      <button
        className="Logout-Button btn btn-warning mr-3"
        onClick={[Function]}
      >
        Log out
      </button>
    </div>
  </div>
</div>
`;
